<?xml version="1.0" encoding="ISO-8859-1" ?>
<link_info>
   <banner>TMS320C2000 Linker Unix v21.6.0.LTS</banner>
   <copyright>Copyright (c) 1996-2018 Texas Instruments Incorporated</copyright>
   <link_time>0x66eca3ee</link_time>
   <link_errors>0x0</link_errors>
   <output_file>F28379D_Firmware.out</output_file>
   <entry_point>
      <name>_c_int00</name>
      <address>0x82eca</address>
   </entry_point>
   <input_file_list>
      <input_file id="fl-2">
         <path>./</path>
         <kind>object</kind>
         <file>F2837xD_CodeStartBranch.obj</file>
         <name>F2837xD_CodeStartBranch.obj</name>
      </input_file>
      <input_file id="fl-3">
         <path>./</path>
         <kind>object</kind>
         <file>F2837xD_CpuTimers.obj</file>
         <name>F2837xD_CpuTimers.obj</name>
      </input_file>
      <input_file id="fl-4">
         <path>./</path>
         <kind>object</kind>
         <file>F2837xD_DefaultISR.obj</file>
         <name>F2837xD_DefaultISR.obj</name>
      </input_file>
      <input_file id="fl-5">
         <path>./</path>
         <kind>object</kind>
         <file>F2837xD_GlobalVariableDefs.obj</file>
         <name>F2837xD_GlobalVariableDefs.obj</name>
      </input_file>
      <input_file id="fl-6">
         <path>./</path>
         <kind>object</kind>
         <file>F2837xD_Gpio.obj</file>
         <name>F2837xD_Gpio.obj</name>
      </input_file>
      <input_file id="fl-7">
         <path>./</path>
         <kind>object</kind>
         <file>F2837xD_PieCtrl.obj</file>
         <name>F2837xD_PieCtrl.obj</name>
      </input_file>
      <input_file id="fl-8">
         <path>./</path>
         <kind>object</kind>
         <file>F2837xD_PieVect.obj</file>
         <name>F2837xD_PieVect.obj</name>
      </input_file>
      <input_file id="fl-9">
         <path>./</path>
         <kind>object</kind>
         <file>F2837xD_SysCtrl.obj</file>
         <name>F2837xD_SysCtrl.obj</name>
      </input_file>
      <input_file id="fl-a">
         <path>./</path>
         <kind>object</kind>
         <file>F2837xD_usDelay.obj</file>
         <name>F2837xD_usDelay.obj</name>
      </input_file>
      <input_file id="fl-b">
         <path>./</path>
         <kind>object</kind>
         <file>Fapi_UserDefinedFunctions.obj</file>
         <name>Fapi_UserDefinedFunctions.obj</name>
      </input_file>
      <input_file id="fl-c">
         <path>./</path>
         <kind>object</kind>
         <file>Flash_F28379D.obj</file>
         <name>Flash_F28379D.obj</name>
      </input_file>
      <input_file id="fl-d">
         <path>./</path>
         <kind>object</kind>
         <file>Peripheral_Setup.obj</file>
         <name>Peripheral_Setup.obj</name>
      </input_file>
      <input_file id="fl-e">
         <path>./</path>
         <kind>object</kind>
         <file>SCIx.obj</file>
         <name>SCIx.obj</name>
      </input_file>
      <input_file id="fl-f">
         <path>./</path>
         <kind>object</kind>
         <file>main.obj</file>
         <name>main.obj</name>
      </input_file>
      <input_file id="fl-15">
         <kind>object</kind>
         <file>&lt;internal&gt;</file>
         <name>&lt;internal&gt;</name>
      </input_file>
      <input_file id="fl-16">
         <path>/opt/ti/C2000Ware_4_01_00_00_Linux/libraries/flash_api/f2837xd/lib/</path>
         <kind>archive</kind>
         <file>F021_API_F2837xD_FPU32.lib</file>
         <name>Async.obj</name>
      </input_file>
      <input_file id="fl-17">
         <path>/opt/ti/C2000Ware_4_01_00_00_Linux/libraries/flash_api/f2837xd/lib/</path>
         <kind>archive</kind>
         <file>F021_API_F2837xD_FPU32.lib</file>
         <name>Verify.obj</name>
      </input_file>
      <input_file id="fl-18">
         <path>/opt/ti/C2000Ware_4_01_00_00_Linux/libraries/flash_api/f2837xd/lib/</path>
         <kind>archive</kind>
         <file>F021_API_F2837xD_FPU32.lib</file>
         <name>Read.obj</name>
      </input_file>
      <input_file id="fl-19">
         <path>/opt/ti/C2000Ware_4_01_00_00_Linux/libraries/flash_api/f2837xd/lib/</path>
         <kind>archive</kind>
         <file>F021_API_F2837xD_FPU32.lib</file>
         <name>BlankCheck.obj</name>
      </input_file>
      <input_file id="fl-1a">
         <path>/opt/ti/C2000Ware_4_01_00_00_Linux/libraries/flash_api/f2837xd/lib/</path>
         <kind>archive</kind>
         <file>F021_API_F2837xD_FPU32.lib</file>
         <name>Utilities.obj</name>
      </input_file>
      <input_file id="fl-1b">
         <path>/opt/ti/C2000Ware_4_01_00_00_Linux/libraries/flash_api/f2837xd/lib/</path>
         <kind>archive</kind>
         <file>F021_API_F2837xD_FPU32.lib</file>
         <name>Init.obj</name>
      </input_file>
      <input_file id="fl-1c">
         <path>/opt/ti/C2000Ware_4_01_00_00_Linux/libraries/flash_api/f2837xd/lib/</path>
         <kind>archive</kind>
         <file>F021_API_F2837xD_FPU32.lib</file>
         <name>FlashStateMachine.obj</name>
      </input_file>
      <input_file id="fl-1d">
         <path>/opt/ti/C2000Ware_4_01_00_00_Linux/libraries/flash_api/f2837xd/lib/</path>
         <kind>archive</kind>
         <file>F021_API_F2837xD_FPU32.lib</file>
         <name>Program.obj</name>
      </input_file>
      <input_file id="fl-1e">
         <path>/opt/ti/C2000Ware_4_01_00_00_Linux/libraries/flash_api/f2837xd/lib/</path>
         <kind>archive</kind>
         <file>F021_API_F2837xD_FPU32.lib</file>
         <name>FlashStateMachine.obj</name>
      </input_file>
      <input_file id="fl-2a">
         <path>/opt/ti/ccs1110/ccs/tools/compiler/ti-cgt-c2000_21.6.0.LTS/lib/</path>
         <kind>archive</kind>
         <file>rts2800_fpu32.lib</file>
         <name>boot28.asm.obj</name>
      </input_file>
      <input_file id="fl-2b">
         <path>/opt/ti/ccs1110/ccs/tools/compiler/ti-cgt-c2000_21.6.0.LTS/lib/</path>
         <kind>archive</kind>
         <file>rts2800_fpu32.lib</file>
         <name>cpy_tbl.c.obj</name>
      </input_file>
      <input_file id="fl-2c">
         <path>/opt/ti/ccs1110/ccs/tools/compiler/ti-cgt-c2000_21.6.0.LTS/lib/</path>
         <kind>archive</kind>
         <file>rts2800_fpu32.lib</file>
         <name>memcpy.c.obj</name>
      </input_file>
      <input_file id="fl-2d">
         <path>/opt/ti/ccs1110/ccs/tools/compiler/ti-cgt-c2000_21.6.0.LTS/lib/</path>
         <kind>archive</kind>
         <file>rts2800_fpu32.lib</file>
         <name>pre_init.c.obj</name>
      </input_file>
      <input_file id="fl-2e">
         <path>/opt/ti/ccs1110/ccs/tools/compiler/ti-cgt-c2000_21.6.0.LTS/lib/</path>
         <kind>archive</kind>
         <file>rts2800_fpu32.lib</file>
         <name>startup.c.obj</name>
      </input_file>
      <input_file id="fl-2f">
         <path>/opt/ti/ccs1110/ccs/tools/compiler/ti-cgt-c2000_21.6.0.LTS/lib/</path>
         <kind>archive</kind>
         <file>rts2800_fpu32.lib</file>
         <name>exit.c.obj</name>
      </input_file>
      <input_file id="fl-30">
         <path>/opt/ti/ccs1110/ccs/tools/compiler/ti-cgt-c2000_21.6.0.LTS/lib/</path>
         <kind>archive</kind>
         <file>rts2800_fpu32.lib</file>
         <name>_lock.c.obj</name>
      </input_file>
      <input_file id="fl-31">
         <path>/opt/ti/ccs1110/ccs/tools/compiler/ti-cgt-c2000_21.6.0.LTS/lib/</path>
         <kind>archive</kind>
         <file>rts2800_fpu32.lib</file>
         <name>args_main.c.obj</name>
      </input_file>
   </input_file_list>
   <object_component_list>
      <object_component id="oc-1b1">
         <name>.cinit:_SectorErased$2</name>
         <load_address>0x82000</load_address>
         <run_address>0x82000</run_address>
         <size>0x11</size>
         <input_file_ref idref="fl-c"/>
      </object_component>
      <object_component id="oc-182">
         <name>.cinit</name>
         <load_address>0x82011</load_address>
         <run_address>0x82011</run_address>
         <size>0xe</size>
         <input_file_ref idref="fl-2f"/>
      </object_component>
      <object_component id="oc-19a">
         <name>.cinit:__lock</name>
         <load_address>0x8201f</load_address>
         <run_address>0x8201f</run_address>
         <size>0x5</size>
         <input_file_ref idref="fl-30"/>
      </object_component>
      <object_component id="oc-1a3">
         <name>.cinit:__unlock</name>
         <load_address>0x82024</load_address>
         <run_address>0x82024</run_address>
         <size>0x5</size>
         <input_file_ref idref="fl-30"/>
      </object_component>
      <object_component id="oc-13b">
         <name>.cinit</name>
         <load_address>0x82029</load_address>
         <run_address>0x82029</run_address>
         <size>0x5</size>
         <input_file_ref idref="fl-f"/>
      </object_component>
      <object_component id="oc-9b">
         <name>.text:retain</name>
         <load_address>0x82030</load_address>
         <run_address>0x82030</run_address>
         <size>0x585</size>
         <input_file_ref idref="fl-4"/>
      </object_component>
      <object_component id="oc-19b">
         <name>.text</name>
         <load_address>0x825b5</load_address>
         <run_address>0x825b5</run_address>
         <size>0x4b3</size>
         <input_file_ref idref="fl-9"/>
      </object_component>
      <object_component id="oc-1a5">
         <name>.text</name>
         <load_address>0x82a68</load_address>
         <run_address>0x82a68</run_address>
         <size>0x244</size>
         <input_file_ref idref="fl-6"/>
      </object_component>
      <object_component id="oc-198">
         <name>.text</name>
         <load_address>0x82cac</load_address>
         <run_address>0x82cac</run_address>
         <size>0xdf</size>
         <input_file_ref idref="fl-f"/>
      </object_component>
      <object_component id="oc-1a0">
         <name>.text</name>
         <load_address>0x82d8b</load_address>
         <run_address>0x82d8b</run_address>
         <size>0x7c</size>
         <input_file_ref idref="fl-3"/>
      </object_component>
      <object_component id="oc-19f">
         <name>.text</name>
         <load_address>0x82e07</load_address>
         <run_address>0x82e07</run_address>
         <size>0x64</size>
         <input_file_ref idref="fl-e"/>
      </object_component>
      <object_component id="oc-19e">
         <name>.text</name>
         <load_address>0x82e6b</load_address>
         <run_address>0x82e6b</run_address>
         <size>0x5f</size>
         <input_file_ref idref="fl-d"/>
      </object_component>
      <object_component id="oc-8d">
         <name>.text</name>
         <load_address>0x82eca</load_address>
         <run_address>0x82eca</run_address>
         <size>0x56</size>
         <input_file_ref idref="fl-2a"/>
      </object_component>
      <object_component id="oc-196">
         <name>.text</name>
         <load_address>0x82f20</load_address>
         <run_address>0x82f20</run_address>
         <size>0x29</size>
         <input_file_ref idref="fl-2f"/>
      </object_component>
      <object_component id="oc-19c">
         <name>.text</name>
         <load_address>0x82f49</load_address>
         <run_address>0x82f49</run_address>
         <size>0x28</size>
         <input_file_ref idref="fl-7"/>
      </object_component>
      <object_component id="oc-19d">
         <name>.text</name>
         <load_address>0x82f71</load_address>
         <run_address>0x82f71</run_address>
         <size>0x26</size>
         <input_file_ref idref="fl-8"/>
      </object_component>
      <object_component id="oc-193">
         <name>.text</name>
         <load_address>0x82f97</load_address>
         <run_address>0x82f97</run_address>
         <size>0x24</size>
         <input_file_ref idref="fl-2b"/>
      </object_component>
      <object_component id="oc-197">
         <name>.text</name>
         <load_address>0x82fbb</load_address>
         <run_address>0x82fbb</run_address>
         <size>0x1d</size>
         <input_file_ref idref="fl-2c"/>
      </object_component>
      <object_component id="oc-195">
         <name>.text</name>
         <load_address>0x82fd8</load_address>
         <run_address>0x82fd8</run_address>
         <size>0x12</size>
         <input_file_ref idref="fl-31"/>
      </object_component>
      <object_component id="oc-1a2">
         <name>.text</name>
         <load_address>0x82fea</load_address>
         <run_address>0x82fea</run_address>
         <size>0x9</size>
         <input_file_ref idref="fl-30"/>
      </object_component>
      <object_component id="oc-8e">
         <name>.text</name>
         <load_address>0x82ff3</load_address>
         <run_address>0x82ff3</run_address>
         <size>0x8</size>
         <input_file_ref idref="fl-2"/>
      </object_component>
      <object_component id="oc-192">
         <name>.text</name>
         <load_address>0x82ffb</load_address>
         <run_address>0x82ffb</run_address>
         <size>0x2</size>
         <input_file_ref idref="fl-2d"/>
      </object_component>
      <object_component id="oc-194">
         <name>.text</name>
         <load_address>0x82ffd</load_address>
         <run_address>0x82ffd</run_address>
         <size>0x1</size>
         <input_file_ref idref="fl-2e"/>
      </object_component>
      <object_component id="oc-8f">
         <name>codestart</name>
         <load_address>0x80000</load_address>
         <run_address>0x80000</run_address>
         <size>0x2</size>
         <input_file_ref idref="fl-2"/>
      </object_component>
      <object_component id="oc-167">
         <name>.stack</name>
         <uninitialized>true</uninitialized>
         <run_address>0x400</run_address>
         <size>0x0</size>
         <input_file_ref idref="fl-2a"/>
      </object_component>
      <object_component id="oc-251">
         <name>.stack</name>
         <uninitialized>true</uninitialized>
         <run_address>0x400</run_address>
         <size>0x0</size>
      </object_component>
      <object_component id="oc-168">
         <name>.reset</name>
         <load_address>0x3fffc0</load_address>
         <run_address>0x3fffc0</run_address>
         <size>0x2</size>
         <input_file_ref idref="fl-2a"/>
      </object_component>
      <object_component id="oc-13c">
         <name>.ebss</name>
         <uninitialized>true</uninitialized>
         <run_address>0xa800</run_address>
         <size>0x26</size>
         <input_file_ref idref="fl-f"/>
      </object_component>
      <object_component id="oc-95">
         <name>.ebss</name>
         <uninitialized>true</uninitialized>
         <run_address>0xa826</run_address>
         <size>0x18</size>
         <input_file_ref idref="fl-3"/>
      </object_component>
      <object_component id="oc-199">
         <name>.ebss:__lock</name>
         <uninitialized>true</uninitialized>
         <run_address>0xa83e</run_address>
         <size>0x2</size>
         <input_file_ref idref="fl-30"/>
      </object_component>
      <object_component id="oc-1b0">
         <name>.ebss:_SectorErased$2</name>
         <uninitialized>true</uninitialized>
         <run_address>0xa840</run_address>
         <size>0xe</size>
         <input_file_ref idref="fl-c"/>
      </object_component>
      <object_component id="oc-157">
         <name>.ebss</name>
         <uninitialized>true</uninitialized>
         <run_address>0xa84e</run_address>
         <size>0xc</size>
         <input_file_ref idref="fl-1b"/>
      </object_component>
      <object_component id="oc-183">
         <name>.ebss</name>
         <uninitialized>true</uninitialized>
         <run_address>0xa85a</run_address>
         <size>0x6</size>
         <input_file_ref idref="fl-2f"/>
      </object_component>
      <object_component id="oc-1b2">
         <name>.ebss:__unlock</name>
         <uninitialized>true</uninitialized>
         <run_address>0xa860</run_address>
         <size>0x2</size>
         <input_file_ref idref="fl-30"/>
      </object_component>
      <object_component id="oc-1a6">
         <name>.econst:_PieVectTableInit</name>
         <load_address>0x90000</load_address>
         <run_address>0x90000</run_address>
         <size>0x1c0</size>
         <input_file_ref idref="fl-8"/>
      </object_component>
      <object_component id="oc-1a7">
         <name>.econst:.string:_$P$T0$1</name>
         <load_address>0x901c0</load_address>
         <run_address>0x901c0</run_address>
         <size>0x10</size>
         <input_file_ref idref="fl-c"/>
      </object_component>
      <object_component id="oc-1bc">
         <name>.TI.ramfunc</name>
         <load_address>0x88000</load_address>
         <run_address>0x8000</run_address>
         <size>0xa8</size>
         <input_file_ref idref="fl-b"/>
      </object_component>
      <object_component id="oc-13d">
         <name>.TI.ramfunc:retain</name>
         <load_address>0x880a8</load_address>
         <run_address>0x80a8</run_address>
         <size>0x47</size>
         <input_file_ref idref="fl-f"/>
      </object_component>
      <object_component id="oc-1a4">
         <name>.TI.ramfunc</name>
         <load_address>0x880ef</load_address>
         <run_address>0x80ef</run_address>
         <size>0x37</size>
         <input_file_ref idref="fl-9"/>
      </object_component>
      <object_component id="oc-121">
         <name>.TI.ramfunc</name>
         <load_address>0x88126</load_address>
         <run_address>0x8126</run_address>
         <size>0x4</size>
         <input_file_ref idref="fl-a"/>
      </object_component>
      <object_component id="oc-1b3">
         <name>.text:__Fapi_setupFlashStateMachine</name>
         <load_address>0xbe000</load_address>
         <run_address>0xb000</run_address>
         <size>0x259</size>
         <input_file_ref idref="fl-1c"/>
      </object_component>
      <object_component id="oc-1ae">
         <name>.text:_Fapi_issueProgrammingCommand</name>
         <load_address>0xbe259</load_address>
         <run_address>0xb259</run_address>
         <size>0x19d</size>
         <input_file_ref idref="fl-1d"/>
      </object_component>
      <object_component id="oc-1b7">
         <name>.text:__Fapi_loopRegionForValue</name>
         <load_address>0xbe3f6</load_address>
         <run_address>0xb3f6</run_address>
         <size>0x88</size>
         <input_file_ref idref="fl-18"/>
      </object_component>
      <object_component id="oc-1b8">
         <name>.text:__Fapi_checkRegionForValue</name>
         <load_address>0xbe47e</load_address>
         <run_address>0xb47e</run_address>
         <size>0x7f</size>
         <input_file_ref idref="fl-18"/>
      </object_component>
      <object_component id="oc-1ac">
         <name>.text:_Fapi_doBlankCheck</name>
         <load_address>0xbe4fd</load_address>
         <run_address>0xb4fd</run_address>
         <size>0x42</size>
         <input_file_ref idref="fl-19"/>
      </object_component>
      <object_component id="oc-1a8">
         <name>.text:_Fapi_initializeAPI</name>
         <load_address>0xbe53f</load_address>
         <run_address>0xb53f</run_address>
         <size>0x34</size>
         <input_file_ref idref="fl-1b"/>
      </object_component>
      <object_component id="oc-1bf">
         <name>.text:_Fapi_calculateFletcherChecksum</name>
         <load_address>0xbe573</load_address>
         <run_address>0xb573</run_address>
         <size>0x2e</size>
         <input_file_ref idref="fl-1a"/>
      </object_component>
      <object_component id="oc-1b4">
         <name>.text:__Fapi_issueFsmCommand</name>
         <load_address>0xbe5a1</load_address>
         <run_address>0xb5a1</run_address>
         <size>0x2d</size>
         <input_file_ref idref="fl-1c"/>
      </object_component>
      <object_component id="oc-1b9">
         <name>.text:__Fapi_divideUnsignedLong</name>
         <load_address>0xbe5ce</load_address>
         <run_address>0xb5ce</run_address>
         <size>0x2c</size>
         <input_file_ref idref="fl-1a"/>
      </object_component>
      <object_component id="oc-1a9">
         <name>.text:_Fapi_setActiveFlashBank</name>
         <load_address>0xbe5fa</load_address>
         <run_address>0xb5fa</run_address>
         <size>0x25</size>
         <input_file_ref idref="fl-1c"/>
      </object_component>
      <object_component id="oc-1be">
         <name>.text:_Fapi_isAddressEcc</name>
         <load_address>0xbe61f</load_address>
         <run_address>0xb61f</run_address>
         <size>0x22</size>
         <input_file_ref idref="fl-1e"/>
      </object_component>
      <object_component id="oc-1b5">
         <name>.text:__Fapi_setupSectorsForWrite</name>
         <load_address>0xbe641</load_address>
         <run_address>0xb641</run_address>
         <size>0x22</size>
         <input_file_ref idref="fl-1c"/>
      </object_component>
      <object_component id="oc-1aa">
         <name>.text:_Fapi_issueAsyncCommandWithAddress</name>
         <load_address>0xbe663</load_address>
         <run_address>0xb663</run_address>
         <size>0x20</size>
         <input_file_ref idref="fl-16"/>
      </object_component>
      <object_component id="oc-1bd">
         <name>.text:_Fapi_waitDelay</name>
         <load_address>0xbe683</load_address>
         <run_address>0xb683</run_address>
         <size>0x1a</size>
         <input_file_ref idref="fl-1a"/>
      </object_component>
      <object_component id="oc-1b6">
         <name>.text:_Fapi_flushPipeline</name>
         <load_address>0xbe69d</load_address>
         <run_address>0xb69d</run_address>
         <size>0x16</size>
         <input_file_ref idref="fl-18"/>
      </object_component>
      <object_component id="oc-1af">
         <name>.text:_Fapi_doVerify</name>
         <load_address>0xbe6b3</load_address>
         <run_address>0xb6b3</run_address>
         <size>0xf</size>
         <input_file_ref idref="fl-17"/>
      </object_component>
      <object_component id="oc-1bb">
         <name>.text:__Fapi_scaleCycleValues</name>
         <load_address>0xbe6c2</load_address>
         <run_address>0xb6c2</run_address>
         <size>0xd</size>
         <input_file_ref idref="fl-1a"/>
      </object_component>
      <object_component id="oc-1ba">
         <name>.text:__Fapi_calculateOtpChecksum</name>
         <load_address>0xbe6cf</load_address>
         <run_address>0xb6cf</run_address>
         <size>0xb</size>
         <input_file_ref idref="fl-1a"/>
      </object_component>
      <object_component id="oc-1ab">
         <name>.text:_Fapi_checkFsmForReady</name>
         <load_address>0xbe6da</load_address>
         <run_address>0xb6da</run_address>
         <size>0xa</size>
         <input_file_ref idref="fl-1e"/>
      </object_component>
      <object_component id="oc-1ad">
         <name>.text:_Fapi_getFsmStatus</name>
         <load_address>0xbe6e4</load_address>
         <run_address>0xb6e4</run_address>
         <size>0x6</size>
         <input_file_ref idref="fl-1c"/>
      </object_component>
      <object_component id="oc-1a1">
         <name>.ramUpdateFlash</name>
         <load_address>0xbe6ea</load_address>
         <run_address>0xb6ea</run_address>
         <size>0x2a9</size>
         <input_file_ref idref="fl-c"/>
      </object_component>
      <object_component id="oc-10b">
         <name>PieVectTableFile</name>
         <uninitialized>true</uninitialized>
         <run_address>0xd00</run_address>
         <size>0x1c0</size>
         <input_file_ref idref="fl-5"/>
      </object_component>
      <object_component id="oc-db">
         <name>AccessProtectionRegsFile</name>
         <uninitialized>true</uninitialized>
         <run_address>0x5f4c0</run_address>
         <size>0x2e</size>
         <input_file_ref idref="fl-5"/>
      </object_component>
      <object_component id="oc-f0">
         <name>AdcaRegsFile</name>
         <uninitialized>true</uninitialized>
         <run_address>0x7400</run_address>
         <size>0x7c</size>
         <input_file_ref idref="fl-5"/>
      </object_component>
      <object_component id="oc-f1">
         <name>AdcbRegsFile</name>
         <uninitialized>true</uninitialized>
         <run_address>0x7480</run_address>
         <size>0x7c</size>
         <input_file_ref idref="fl-5"/>
      </object_component>
      <object_component id="oc-f2">
         <name>AdccRegsFile</name>
         <uninitialized>true</uninitialized>
         <run_address>0x7500</run_address>
         <size>0x7c</size>
         <input_file_ref idref="fl-5"/>
      </object_component>
      <object_component id="oc-f3">
         <name>AdcdRegsFile</name>
         <uninitialized>true</uninitialized>
         <run_address>0x7580</run_address>
         <size>0x7c</size>
         <input_file_ref idref="fl-5"/>
      </object_component>
      <object_component id="oc-b8">
         <name>AdcaResultRegsFile</name>
         <uninitialized>true</uninitialized>
         <run_address>0xb00</run_address>
         <size>0x18</size>
         <input_file_ref idref="fl-5"/>
      </object_component>
      <object_component id="oc-b9">
         <name>AdcbResultRegsFile</name>
         <uninitialized>true</uninitialized>
         <run_address>0xb20</run_address>
         <size>0x18</size>
         <input_file_ref idref="fl-5"/>
      </object_component>
      <object_component id="oc-ba">
         <name>AdccResultRegsFile</name>
         <uninitialized>true</uninitialized>
         <run_address>0xb40</run_address>
         <size>0x18</size>
         <input_file_ref idref="fl-5"/>
      </object_component>
      <object_component id="oc-bb">
         <name>AdcdResultRegsFile</name>
         <uninitialized>true</uninitialized>
         <run_address>0xb60</run_address>
         <size>0x18</size>
         <input_file_ref idref="fl-5"/>
      </object_component>
      <object_component id="oc-df">
         <name>AnalogSubsysRegsFile</name>
         <uninitialized>true</uninitialized>
         <run_address>0x5d180</run_address>
         <size>0x3e</size>
         <input_file_ref idref="fl-5"/>
      </object_component>
      <object_component id="oc-107">
         <name>CanaRegsFile</name>
         <uninitialized>true</uninitialized>
         <run_address>0x48000</run_address>
         <size>0x164</size>
         <input_file_ref idref="fl-5"/>
      </object_component>
      <object_component id="oc-108">
         <name>CanbRegsFile</name>
         <uninitialized>true</uninitialized>
         <run_address>0x4a000</run_address>
         <size>0x164</size>
         <input_file_ref idref="fl-5"/>
      </object_component>
      <object_component id="oc-e0">
         <name>Cla1RegsFile</name>
         <uninitialized>true</uninitialized>
         <run_address>0x1400</run_address>
         <size>0x3e</size>
         <input_file_ref idref="fl-5"/>
      </object_component>
      <object_component id="oc-102">
         <name>Clb1DataExchRegsFile</name>
         <uninitialized>true</uninitialized>
         <run_address>0x3200</run_address>
         <size>0x108</size>
         <input_file_ref idref="fl-5"/>
      </object_component>
      <object_component id="oc-103">
         <name>Clb2DataExchRegsFile</name>
         <uninitialized>true</uninitialized>
         <run_address>0x3600</run_address>
         <size>0x108</size>
         <input_file_ref idref="fl-5"/>
      </object_component>
      <object_component id="oc-104">
         <name>Clb3DataExchRegsFile</name>
         <uninitialized>true</uninitialized>
         <run_address>0x3a00</run_address>
         <size>0x108</size>
         <input_file_ref idref="fl-5"/>
      </object_component>
      <object_component id="oc-105">
         <name>Clb4DataExchRegsFile</name>
         <uninitialized>true</uninitialized>
         <run_address>0x3e00</run_address>
         <size>0x108</size>
         <input_file_ref idref="fl-5"/>
      </object_component>
      <object_component id="oc-e1">
         <name>Clb1LogicCfgRegsFile</name>
         <uninitialized>true</uninitialized>
         <run_address>0x3000</run_address>
         <size>0x3e</size>
         <input_file_ref idref="fl-5"/>
      </object_component>
      <object_component id="oc-e2">
         <name>Clb2LogicCfgRegsFile</name>
         <uninitialized>true</uninitialized>
         <run_address>0x3400</run_address>
         <size>0x3e</size>
         <input_file_ref idref="fl-5"/>
      </object_component>
      <object_component id="oc-e3">
         <name>Clb3LogicCfgRegsFile</name>
         <uninitialized>true</uninitialized>
         <run_address>0x3800</run_address>
         <size>0x3e</size>
         <input_file_ref idref="fl-5"/>
      </object_component>
      <object_component id="oc-e4">
         <name>Clb4LogicCfgRegsFile</name>
         <uninitialized>true</uninitialized>
         <run_address>0x3c00</run_address>
         <size>0x3e</size>
         <input_file_ref idref="fl-5"/>
      </object_component>
      <object_component id="oc-e5">
         <name>Clb1LogicCtrlRegsFile</name>
         <uninitialized>true</uninitialized>
         <run_address>0x3100</run_address>
         <size>0x40</size>
         <input_file_ref idref="fl-5"/>
      </object_component>
      <object_component id="oc-e6">
         <name>Clb2LogicCtrlRegsFile</name>
         <uninitialized>true</uninitialized>
         <run_address>0x3500</run_address>
         <size>0x40</size>
         <input_file_ref idref="fl-5"/>
      </object_component>
      <object_component id="oc-e7">
         <name>Clb3LogicCtrlRegsFile</name>
         <uninitialized>true</uninitialized>
         <run_address>0x3900</run_address>
         <size>0x40</size>
         <input_file_ref idref="fl-5"/>
      </object_component>
      <object_component id="oc-e8">
         <name>Clb4LogicCtrlRegsFile</name>
         <uninitialized>true</uninitialized>
         <run_address>0x3d00</run_address>
         <size>0x40</size>
         <input_file_ref idref="fl-5"/>
      </object_component>
      <object_component id="oc-e9">
         <name>ClbXbarRegsFile</name>
         <uninitialized>true</uninitialized>
         <run_address>0x7a40</run_address>
         <size>0x40</size>
         <input_file_ref idref="fl-5"/>
      </object_component>
      <object_component id="oc-dd">
         <name>ClkCfgRegsFile</name>
         <uninitialized>true</uninitialized>
         <run_address>0x5d200</run_address>
         <size>0x32</size>
         <input_file_ref idref="fl-5"/>
      </object_component>
      <object_component id="oc-c4">
         <name>Cmpss1RegsFile</name>
         <uninitialized>true</uninitialized>
         <run_address>0x5c80</run_address>
         <size>0x1b</size>
         <input_file_ref idref="fl-5"/>
      </object_component>
      <object_component id="oc-c5">
         <name>Cmpss2RegsFile</name>
         <uninitialized>true</uninitialized>
         <run_address>0x5ca0</run_address>
         <size>0x1b</size>
         <input_file_ref idref="fl-5"/>
      </object_component>
      <object_component id="oc-c6">
         <name>Cmpss3RegsFile</name>
         <uninitialized>true</uninitialized>
         <run_address>0x5cc0</run_address>
         <size>0x1b</size>
         <input_file_ref idref="fl-5"/>
      </object_component>
      <object_component id="oc-c7">
         <name>Cmpss4RegsFile</name>
         <uninitialized>true</uninitialized>
         <run_address>0x5ce0</run_address>
         <size>0x1b</size>
         <input_file_ref idref="fl-5"/>
      </object_component>
      <object_component id="oc-c8">
         <name>Cmpss5RegsFile</name>
         <uninitialized>true</uninitialized>
         <run_address>0x5d00</run_address>
         <size>0x1b</size>
         <input_file_ref idref="fl-5"/>
      </object_component>
      <object_component id="oc-c9">
         <name>Cmpss6RegsFile</name>
         <uninitialized>true</uninitialized>
         <run_address>0x5d20</run_address>
         <size>0x1b</size>
         <input_file_ref idref="fl-5"/>
      </object_component>
      <object_component id="oc-ca">
         <name>Cmpss7RegsFile</name>
         <uninitialized>true</uninitialized>
         <run_address>0x5d40</run_address>
         <size>0x1b</size>
         <input_file_ref idref="fl-5"/>
      </object_component>
      <object_component id="oc-cb">
         <name>Cmpss8RegsFile</name>
         <uninitialized>true</uninitialized>
         <run_address>0x5d60</run_address>
         <size>0x1b</size>
         <input_file_ref idref="fl-5"/>
      </object_component>
      <object_component id="oc-aa">
         <name>CpuTimer0RegsFile</name>
         <uninitialized>true</uninitialized>
         <run_address>0xc00</run_address>
         <size>0x8</size>
         <input_file_ref idref="fl-5"/>
      </object_component>
      <object_component id="oc-ab">
         <name>CpuTimer1RegsFile</name>
         <uninitialized>true</uninitialized>
         <run_address>0xc08</run_address>
         <size>0x8</size>
         <input_file_ref idref="fl-5"/>
      </object_component>
      <object_component id="oc-ac">
         <name>CpuTimer2RegsFile</name>
         <uninitialized>true</uninitialized>
         <run_address>0xc10</run_address>
         <size>0x8</size>
         <input_file_ref idref="fl-5"/>
      </object_component>
      <object_component id="oc-f4">
         <name>CpuSysRegsFile</name>
         <uninitialized>true</uninitialized>
         <run_address>0x5d300</run_address>
         <size>0x82</size>
         <input_file_ref idref="fl-5"/>
      </object_component>
      <object_component id="oc-a6">
         <name>DacaRegsFile</name>
         <uninitialized>true</uninitialized>
         <run_address>0x5c00</run_address>
         <size>0x7</size>
         <input_file_ref idref="fl-5"/>
      </object_component>
      <object_component id="oc-a7">
         <name>DacbRegsFile</name>
         <uninitialized>true</uninitialized>
         <run_address>0x5c10</run_address>
         <size>0x7</size>
         <input_file_ref idref="fl-5"/>
      </object_component>
      <object_component id="oc-a8">
         <name>DaccRegsFile</name>
         <uninitialized>true</uninitialized>
         <run_address>0x5c20</run_address>
         <size>0x7</size>
         <input_file_ref idref="fl-5"/>
      </object_component>
      <object_component id="oc-a4">
         <name>DcsmCommonRegsFile</name>
         <uninitialized>true</uninitialized>
         <run_address>0x5f070</run_address>
         <size>0x6</size>
         <input_file_ref idref="fl-5"/>
      </object_component>
      <object_component id="oc-cd">
         <name>DcsmZ1RegsFile</name>
         <uninitialized>true</uninitialized>
         <run_address>0x5f000</run_address>
         <size>0x22</size>
         <input_file_ref idref="fl-5"/>
      </object_component>
      <object_component id="oc-ce">
         <name>DcsmZ2RegsFile</name>
         <uninitialized>true</uninitialized>
         <run_address>0x5f040</run_address>
         <size>0x22</size>
         <input_file_ref idref="fl-5"/>
      </object_component>
      <object_component id="oc-106">
         <name>DevCfgRegsFile</name>
         <uninitialized>true</uninitialized>
         <run_address>0x5d000</run_address>
         <size>0x12e</size>
         <input_file_ref idref="fl-5"/>
      </object_component>
      <object_component id="oc-bc">
         <name>DmaClaSrcSelRegsFile</name>
         <uninitialized>true</uninitialized>
         <run_address>0x7980</run_address>
         <size>0x1a</size>
         <input_file_ref idref="fl-5"/>
      </object_component>
      <object_component id="oc-f5">
         <name>DmaRegsFile</name>
         <uninitialized>true</uninitialized>
         <run_address>0x1000</run_address>
         <size>0xe0</size>
         <input_file_ref idref="fl-5"/>
      </object_component>
      <object_component id="oc-bd">
         <name>ECap1RegsFile</name>
         <uninitialized>true</uninitialized>
         <run_address>0x5000</run_address>
         <size>0x1a</size>
         <input_file_ref idref="fl-5"/>
      </object_component>
      <object_component id="oc-be">
         <name>ECap2RegsFile</name>
         <uninitialized>true</uninitialized>
         <run_address>0x5020</run_address>
         <size>0x1a</size>
         <input_file_ref idref="fl-5"/>
      </object_component>
      <object_component id="oc-bf">
         <name>ECap3RegsFile</name>
         <uninitialized>true</uninitialized>
         <run_address>0x5040</run_address>
         <size>0x1a</size>
         <input_file_ref idref="fl-5"/>
      </object_component>
      <object_component id="oc-c0">
         <name>ECap4RegsFile</name>
         <uninitialized>true</uninitialized>
         <run_address>0x5060</run_address>
         <size>0x1a</size>
         <input_file_ref idref="fl-5"/>
      </object_component>
      <object_component id="oc-c1">
         <name>ECap5RegsFile</name>
         <uninitialized>true</uninitialized>
         <run_address>0x5080</run_address>
         <size>0x1a</size>
         <input_file_ref idref="fl-5"/>
      </object_component>
      <object_component id="oc-c2">
         <name>ECap6RegsFile</name>
         <uninitialized>true</uninitialized>
         <run_address>0x50a0</run_address>
         <size>0x1a</size>
         <input_file_ref idref="fl-5"/>
      </object_component>
      <object_component id="oc-ad">
         <name>Emif1ConfigRegsFile</name>
         <uninitialized>true</uninitialized>
         <run_address>0x5f480</run_address>
         <size>0xa</size>
         <input_file_ref idref="fl-5"/>
      </object_component>
      <object_component id="oc-ae">
         <name>Emif2ConfigRegsFile</name>
         <uninitialized>true</uninitialized>
         <run_address>0x5f4a0</run_address>
         <size>0xa</size>
         <input_file_ref idref="fl-5"/>
      </object_component>
      <object_component id="oc-d7">
         <name>Emif1RegsFile</name>
         <uninitialized>true</uninitialized>
         <run_address>0x47000</run_address>
         <size>0x28</size>
         <input_file_ref idref="fl-5"/>
      </object_component>
      <object_component id="oc-d8">
         <name>Emif2RegsFile</name>
         <uninitialized>true</uninitialized>
         <run_address>0x47800</run_address>
         <size>0x28</size>
         <input_file_ref idref="fl-5"/>
      </object_component>
      <object_component id="oc-f6">
         <name>EPwm1RegsFile</name>
         <uninitialized>true</uninitialized>
         <run_address>0x4000</run_address>
         <size>0x100</size>
         <input_file_ref idref="fl-5"/>
      </object_component>
      <object_component id="oc-f7">
         <name>EPwm2RegsFile</name>
         <uninitialized>true</uninitialized>
         <run_address>0x4100</run_address>
         <size>0x100</size>
         <input_file_ref idref="fl-5"/>
      </object_component>
      <object_component id="oc-f8">
         <name>EPwm3RegsFile</name>
         <uninitialized>true</uninitialized>
         <run_address>0x4200</run_address>
         <size>0x100</size>
         <input_file_ref idref="fl-5"/>
      </object_component>
      <object_component id="oc-f9">
         <name>EPwm4RegsFile</name>
         <uninitialized>true</uninitialized>
         <run_address>0x4300</run_address>
         <size>0x100</size>
         <input_file_ref idref="fl-5"/>
      </object_component>
      <object_component id="oc-fa">
         <name>EPwm5RegsFile</name>
         <uninitialized>true</uninitialized>
         <run_address>0x4400</run_address>
         <size>0x100</size>
         <input_file_ref idref="fl-5"/>
      </object_component>
      <object_component id="oc-fb">
         <name>EPwm6RegsFile</name>
         <uninitialized>true</uninitialized>
         <run_address>0x4500</run_address>
         <size>0x100</size>
         <input_file_ref idref="fl-5"/>
      </object_component>
      <object_component id="oc-fc">
         <name>EPwm7RegsFile</name>
         <uninitialized>true</uninitialized>
         <run_address>0x4600</run_address>
         <size>0x100</size>
         <input_file_ref idref="fl-5"/>
      </object_component>
      <object_component id="oc-fd">
         <name>EPwm8RegsFile</name>
         <uninitialized>true</uninitialized>
         <run_address>0x4700</run_address>
         <size>0x100</size>
         <input_file_ref idref="fl-5"/>
      </object_component>
      <object_component id="oc-fe">
         <name>EPwm9RegsFile</name>
         <uninitialized>true</uninitialized>
         <run_address>0x4800</run_address>
         <size>0x100</size>
         <input_file_ref idref="fl-5"/>
      </object_component>
      <object_component id="oc-ff">
         <name>EPwm10RegsFile</name>
         <uninitialized>true</uninitialized>
         <run_address>0x4900</run_address>
         <size>0x100</size>
         <input_file_ref idref="fl-5"/>
      </object_component>
      <object_component id="oc-100">
         <name>EPwm11RegsFile</name>
         <uninitialized>true</uninitialized>
         <run_address>0x4a00</run_address>
         <size>0x100</size>
         <input_file_ref idref="fl-5"/>
      </object_component>
      <object_component id="oc-101">
         <name>EPwm12RegsFile</name>
         <uninitialized>true</uninitialized>
         <run_address>0x4b00</run_address>
         <size>0x100</size>
         <input_file_ref idref="fl-5"/>
      </object_component>
      <object_component id="oc-ea">
         <name>EPwmXbarRegsFile</name>
         <uninitialized>true</uninitialized>
         <run_address>0x7a00</run_address>
         <size>0x40</size>
         <input_file_ref idref="fl-5"/>
      </object_component>
      <object_component id="oc-cf">
         <name>EQep1RegsFile</name>
         <uninitialized>true</uninitialized>
         <run_address>0x5100</run_address>
         <size>0x22</size>
         <input_file_ref idref="fl-5"/>
      </object_component>
      <object_component id="oc-d0">
         <name>EQep2RegsFile</name>
         <uninitialized>true</uninitialized>
         <run_address>0x5140</run_address>
         <size>0x22</size>
         <input_file_ref idref="fl-5"/>
      </object_component>
      <object_component id="oc-d1">
         <name>EQep3RegsFile</name>
         <uninitialized>true</uninitialized>
         <run_address>0x5180</run_address>
         <size>0x22</size>
         <input_file_ref idref="fl-5"/>
      </object_component>
      <object_component id="oc-10a">
         <name>Flash0CtrlRegsFile</name>
         <uninitialized>true</uninitialized>
         <run_address>0x5f800</run_address>
         <size>0x182</size>
         <input_file_ref idref="fl-5"/>
      </object_component>
      <object_component id="oc-d9">
         <name>Flash0EccRegsFile</name>
         <uninitialized>true</uninitialized>
         <run_address>0x5fb00</run_address>
         <size>0x28</size>
         <input_file_ref idref="fl-5"/>
      </object_component>
      <object_component id="oc-a1">
         <name>FlashPumpSemaphoreRegsFile</name>
         <uninitialized>true</uninitialized>
         <run_address>0x50024</run_address>
         <size>0x2</size>
         <input_file_ref idref="fl-5"/>
      </object_component>
      <object_component id="oc-109">
         <name>GpioCtrlRegsFile</name>
         <uninitialized>true</uninitialized>
         <run_address>0x7c00</run_address>
         <size>0x180</size>
         <input_file_ref idref="fl-5"/>
      </object_component>
      <object_component id="oc-dc">
         <name>GpioDataRegsFile</name>
         <uninitialized>true</uninitialized>
         <run_address>0x7f00</run_address>
         <size>0x30</size>
         <input_file_ref idref="fl-5"/>
      </object_component>
      <object_component id="oc-d2">
         <name>I2caRegsFile</name>
         <uninitialized>true</uninitialized>
         <run_address>0x7300</run_address>
         <size>0x22</size>
         <input_file_ref idref="fl-5"/>
      </object_component>
      <object_component id="oc-d3">
         <name>I2cbRegsFile</name>
         <uninitialized>true</uninitialized>
         <run_address>0x7340</run_address>
         <size>0x22</size>
         <input_file_ref idref="fl-5"/>
      </object_component>
      <object_component id="oc-cc">
         <name>InputXbarRegsFile</name>
         <uninitialized>true</uninitialized>
         <run_address>0x7900</run_address>
         <size>0x20</size>
         <input_file_ref idref="fl-5"/>
      </object_component>
      <object_component id="oc-d4">
         <name>IpcRegsFile</name>
         <uninitialized>true</uninitialized>
         <run_address>0x50000</run_address>
         <size>0x24</size>
         <input_file_ref idref="fl-5"/>
      </object_component>
      <object_component id="oc-de">
         <name>MemoryErrorRegsFile</name>
         <uninitialized>true</uninitialized>
         <run_address>0x5f500</run_address>
         <size>0x3a</size>
         <input_file_ref idref="fl-5"/>
      </object_component>
      <object_component id="oc-ef">
         <name>MemCfgRegsFile</name>
         <uninitialized>true</uninitialized>
         <run_address>0x5f400</run_address>
         <size>0x76</size>
         <input_file_ref idref="fl-5"/>
      </object_component>
      <object_component id="oc-d5">
         <name>McbspaRegsFile</name>
         <uninitialized>true</uninitialized>
         <run_address>0x6000</run_address>
         <size>0x24</size>
         <input_file_ref idref="fl-5"/>
      </object_component>
      <object_component id="oc-d6">
         <name>McbspbRegsFile</name>
         <uninitialized>true</uninitialized>
         <run_address>0x6040</run_address>
         <size>0x24</size>
         <input_file_ref idref="fl-5"/>
      </object_component>
      <object_component id="oc-a9">
         <name>NmiIntruptRegsFile</name>
         <uninitialized>true</uninitialized>
         <run_address>0x7060</run_address>
         <size>0x7</size>
         <input_file_ref idref="fl-5"/>
      </object_component>
      <object_component id="oc-eb">
         <name>OutputXbarRegsFile</name>
         <uninitialized>true</uninitialized>
         <run_address>0x7a80</run_address>
         <size>0x40</size>
         <input_file_ref idref="fl-5"/>
      </object_component>
      <object_component id="oc-c3">
         <name>PieCtrlRegsFile</name>
         <uninitialized>true</uninitialized>
         <run_address>0xce0</run_address>
         <size>0x1a</size>
         <input_file_ref idref="fl-5"/>
      </object_component>
      <object_component id="oc-a2">
         <name>RomPrefetchRegsFile</name>
         <uninitialized>true</uninitialized>
         <run_address>0x5e608</run_address>
         <size>0x2</size>
         <input_file_ref idref="fl-5"/>
      </object_component>
      <object_component id="oc-a3">
         <name>RomWaitStateRegsFile</name>
         <uninitialized>true</uninitialized>
         <run_address>0x5f540</run_address>
         <size>0x2</size>
         <input_file_ref idref="fl-5"/>
      </object_component>
      <object_component id="oc-b1">
         <name>SciaRegsFile</name>
         <uninitialized>true</uninitialized>
         <run_address>0x7200</run_address>
         <size>0x10</size>
         <input_file_ref idref="fl-5"/>
      </object_component>
      <object_component id="oc-b2">
         <name>ScibRegsFile</name>
         <uninitialized>true</uninitialized>
         <run_address>0x7210</run_address>
         <size>0x10</size>
         <input_file_ref idref="fl-5"/>
      </object_component>
      <object_component id="oc-b3">
         <name>ScicRegsFile</name>
         <uninitialized>true</uninitialized>
         <run_address>0x7220</run_address>
         <size>0x10</size>
         <input_file_ref idref="fl-5"/>
      </object_component>
      <object_component id="oc-b4">
         <name>ScidRegsFile</name>
         <uninitialized>true</uninitialized>
         <run_address>0x7230</run_address>
         <size>0x10</size>
         <input_file_ref idref="fl-5"/>
      </object_component>
      <object_component id="oc-ec">
         <name>Sdfm1RegsFile</name>
         <uninitialized>true</uninitialized>
         <run_address>0x5e00</run_address>
         <size>0x48</size>
         <input_file_ref idref="fl-5"/>
      </object_component>
      <object_component id="oc-ed">
         <name>Sdfm2RegsFile</name>
         <uninitialized>true</uninitialized>
         <run_address>0x5e80</run_address>
         <size>0x48</size>
         <input_file_ref idref="fl-5"/>
      </object_component>
      <object_component id="oc-b5">
         <name>SpiaRegsFile</name>
         <uninitialized>true</uninitialized>
         <run_address>0x6100</run_address>
         <size>0x10</size>
         <input_file_ref idref="fl-5"/>
      </object_component>
      <object_component id="oc-b6">
         <name>SpibRegsFile</name>
         <uninitialized>true</uninitialized>
         <run_address>0x6110</run_address>
         <size>0x10</size>
         <input_file_ref idref="fl-5"/>
      </object_component>
      <object_component id="oc-b7">
         <name>SpicRegsFile</name>
         <uninitialized>true</uninitialized>
         <run_address>0x6120</run_address>
         <size>0x10</size>
         <input_file_ref idref="fl-5"/>
      </object_component>
      <object_component id="oc-a5">
         <name>SyncSocRegsFile</name>
         <uninitialized>true</uninitialized>
         <run_address>0x7940</run_address>
         <size>0x6</size>
         <input_file_ref idref="fl-5"/>
      </object_component>
      <object_component id="oc-ee">
         <name>UppRegsFile</name>
         <uninitialized>true</uninitialized>
         <run_address>0x6200</run_address>
         <size>0x48</size>
         <input_file_ref idref="fl-5"/>
      </object_component>
      <object_component id="oc-da">
         <name>WdRegsFile</name>
         <uninitialized>true</uninitialized>
         <run_address>0x7000</run_address>
         <size>0x2b</size>
         <input_file_ref idref="fl-5"/>
      </object_component>
      <object_component id="oc-b0">
         <name>XbarRegsFile</name>
         <uninitialized>true</uninitialized>
         <run_address>0x7920</run_address>
         <size>0xe</size>
         <input_file_ref idref="fl-5"/>
      </object_component>
      <object_component id="oc-af">
         <name>XintRegsFile</name>
         <uninitialized>true</uninitialized>
         <run_address>0x7070</run_address>
         <size>0xb</size>
         <input_file_ref idref="fl-5"/>
      </object_component>
      <object_component id="oc-90">
         <name>.debug_line</name>
         <load_address>0x0</load_address>
         <run_address>0x0</run_address>
         <size>0xa8</size>
         <input_file_ref idref="fl-2"/>
      </object_component>
      <object_component id="oc-97">
         <name>.debug_line</name>
         <load_address>0xa8</load_address>
         <run_address>0xa8</run_address>
         <size>0xcc</size>
         <input_file_ref idref="fl-3"/>
      </object_component>
      <object_component id="oc-9d">
         <name>.debug_line</name>
         <load_address>0x174</load_address>
         <run_address>0x174</run_address>
         <size>0xd24</size>
         <input_file_ref idref="fl-4"/>
      </object_component>
      <object_component id="oc-10f">
         <name>.debug_line</name>
         <load_address>0xe98</load_address>
         <run_address>0xe98</run_address>
         <size>0x282</size>
         <input_file_ref idref="fl-6"/>
      </object_component>
      <object_component id="oc-114">
         <name>.debug_line</name>
         <load_address>0x111a</load_address>
         <run_address>0x111a</run_address>
         <size>0xcc</size>
         <input_file_ref idref="fl-7"/>
      </object_component>
      <object_component id="oc-119">
         <name>.debug_line</name>
         <load_address>0x11e6</load_address>
         <run_address>0x11e6</run_address>
         <size>0xae</size>
         <input_file_ref idref="fl-8"/>
      </object_component>
      <object_component id="oc-11e">
         <name>.debug_line</name>
         <load_address>0x1294</load_address>
         <run_address>0x1294</run_address>
         <size>0x5d8</size>
         <input_file_ref idref="fl-9"/>
      </object_component>
      <object_component id="oc-122">
         <name>.debug_line</name>
         <load_address>0x186c</load_address>
         <run_address>0x186c</run_address>
         <size>0x8f</size>
         <input_file_ref idref="fl-a"/>
      </object_component>
      <object_component id="oc-128">
         <name>.debug_line</name>
         <load_address>0x18fb</load_address>
         <run_address>0x18fb</run_address>
         <size>0xd3</size>
         <input_file_ref idref="fl-b"/>
      </object_component>
      <object_component id="oc-12d">
         <name>.debug_line</name>
         <load_address>0x19ce</load_address>
         <run_address>0x19ce</run_address>
         <size>0x286</size>
         <input_file_ref idref="fl-c"/>
      </object_component>
      <object_component id="oc-132">
         <name>.debug_line</name>
         <load_address>0x1c54</load_address>
         <run_address>0x1c54</run_address>
         <size>0x81</size>
         <input_file_ref idref="fl-d"/>
      </object_component>
      <object_component id="oc-137">
         <name>.debug_line</name>
         <load_address>0x1cd5</load_address>
         <run_address>0x1cd5</run_address>
         <size>0x8f</size>
         <input_file_ref idref="fl-e"/>
      </object_component>
      <object_component id="oc-13f">
         <name>.debug_line</name>
         <load_address>0x1d64</load_address>
         <run_address>0x1d64</run_address>
         <size>0x10f</size>
         <input_file_ref idref="fl-f"/>
      </object_component>
      <object_component id="oc-144">
         <name>.debug_line</name>
         <load_address>0x1e73</load_address>
         <run_address>0x1e73</run_address>
         <size>0xb4</size>
         <input_file_ref idref="fl-16"/>
      </object_component>
      <object_component id="oc-148">
         <name>.debug_line</name>
         <load_address>0x1f27</load_address>
         <run_address>0x1f27</run_address>
         <size>0xab</size>
         <input_file_ref idref="fl-17"/>
      </object_component>
      <object_component id="oc-14c">
         <name>.debug_line</name>
         <load_address>0x1fd2</load_address>
         <run_address>0x1fd2</run_address>
         <size>0x195</size>
         <input_file_ref idref="fl-18"/>
      </object_component>
      <object_component id="oc-150">
         <name>.debug_line</name>
         <load_address>0x2167</load_address>
         <run_address>0x2167</run_address>
         <size>0xc7</size>
         <input_file_ref idref="fl-19"/>
      </object_component>
      <object_component id="oc-154">
         <name>.debug_line</name>
         <load_address>0x222e</load_address>
         <run_address>0x222e</run_address>
         <size>0x155</size>
         <input_file_ref idref="fl-1a"/>
      </object_component>
      <object_component id="oc-159">
         <name>.debug_line</name>
         <load_address>0x2383</load_address>
         <run_address>0x2383</run_address>
         <size>0xa5</size>
         <input_file_ref idref="fl-1b"/>
      </object_component>
      <object_component id="oc-15d">
         <name>.debug_line</name>
         <load_address>0x2428</load_address>
         <run_address>0x2428</run_address>
         <size>0x196</size>
         <input_file_ref idref="fl-1c"/>
      </object_component>
      <object_component id="oc-161">
         <name>.debug_line</name>
         <load_address>0x25be</load_address>
         <run_address>0x25be</run_address>
         <size>0x1ed</size>
         <input_file_ref idref="fl-1d"/>
      </object_component>
      <object_component id="oc-165">
         <name>.debug_line</name>
         <load_address>0x27ab</load_address>
         <run_address>0x27ab</run_address>
         <size>0xe3</size>
         <input_file_ref idref="fl-1e"/>
      </object_component>
      <object_component id="oc-16a">
         <name>.debug_line</name>
         <load_address>0x288e</load_address>
         <run_address>0x288e</run_address>
         <size>0x7e</size>
         <input_file_ref idref="fl-2a"/>
      </object_component>
      <object_component id="oc-16f">
         <name>.debug_line</name>
         <load_address>0x290c</load_address>
         <run_address>0x290c</run_address>
         <size>0x50</size>
         <input_file_ref idref="fl-2b"/>
      </object_component>
      <object_component id="oc-174">
         <name>.debug_line</name>
         <load_address>0x295c</load_address>
         <run_address>0x295c</run_address>
         <size>0x62</size>
         <input_file_ref idref="fl-2c"/>
      </object_component>
      <object_component id="oc-179">
         <name>.debug_line</name>
         <load_address>0x29be</load_address>
         <run_address>0x29be</run_address>
         <size>0x3e</size>
         <input_file_ref idref="fl-2d"/>
      </object_component>
      <object_component id="oc-17e">
         <name>.debug_line</name>
         <load_address>0x29fc</load_address>
         <run_address>0x29fc</run_address>
         <size>0x3a</size>
         <input_file_ref idref="fl-2e"/>
      </object_component>
      <object_component id="oc-185">
         <name>.debug_line</name>
         <load_address>0x2a36</load_address>
         <run_address>0x2a36</run_address>
         <size>0x65</size>
         <input_file_ref idref="fl-2f"/>
      </object_component>
      <object_component id="oc-18a">
         <name>.debug_line</name>
         <load_address>0x2a9b</load_address>
         <run_address>0x2a9b</run_address>
         <size>0x5e</size>
         <input_file_ref idref="fl-30"/>
      </object_component>
      <object_component id="oc-18f">
         <name>.debug_line</name>
         <load_address>0x2af9</load_address>
         <run_address>0x2af9</run_address>
         <size>0x4f</size>
         <input_file_ref idref="fl-31"/>
      </object_component>
      <object_component id="oc-91">
         <name>.debug_info</name>
         <load_address>0x0</load_address>
         <run_address>0x0</run_address>
         <size>0x1f7</size>
         <input_file_ref idref="fl-2"/>
      </object_component>
      <object_component id="oc-94">
         <name>.debug_info</name>
         <load_address>0x1f7</load_address>
         <run_address>0x1f7</run_address>
         <size>0xad6</size>
         <input_file_ref idref="fl-3"/>
      </object_component>
      <object_component id="oc-9a">
         <name>.debug_info</name>
         <load_address>0xccd</load_address>
         <run_address>0xccd</run_address>
         <size>0x8121</size>
         <input_file_ref idref="fl-4"/>
      </object_component>
      <object_component id="oc-a0">
         <name>.debug_info</name>
         <load_address>0x8dee</load_address>
         <run_address>0x8dee</run_address>
         <size>0x5732e</size>
         <input_file_ref idref="fl-5"/>
      </object_component>
      <object_component id="oc-10d">
         <name>.debug_info</name>
         <load_address>0x6011c</load_address>
         <run_address>0x6011c</run_address>
         <size>0x1a732</size>
         <input_file_ref idref="fl-6"/>
      </object_component>
      <object_component id="oc-112">
         <name>.debug_info</name>
         <load_address>0x7a84e</load_address>
         <run_address>0x7a84e</run_address>
         <size>0x36a4</size>
         <input_file_ref idref="fl-7"/>
      </object_component>
      <object_component id="oc-117">
         <name>.debug_info</name>
         <load_address>0x7def2</load_address>
         <run_address>0x7def2</run_address>
         <size>0x67e0</size>
         <input_file_ref idref="fl-8"/>
      </object_component>
      <object_component id="oc-11c">
         <name>.debug_info</name>
         <load_address>0x846d2</load_address>
         <run_address>0x846d2</run_address>
         <size>0xd950</size>
         <input_file_ref idref="fl-9"/>
      </object_component>
      <object_component id="oc-123">
         <name>.debug_info</name>
         <load_address>0x92022</load_address>
         <run_address>0x92022</run_address>
         <size>0x17c</size>
         <input_file_ref idref="fl-a"/>
      </object_component>
      <object_component id="oc-126">
         <name>.debug_info</name>
         <load_address>0x9219e</load_address>
         <run_address>0x9219e</run_address>
         <size>0xd5b2</size>
         <input_file_ref idref="fl-b"/>
      </object_component>
      <object_component id="oc-12b">
         <name>.debug_info</name>
         <load_address>0x9f750</load_address>
         <run_address>0x9f750</run_address>
         <size>0x13f26</size>
         <input_file_ref idref="fl-c"/>
      </object_component>
      <object_component id="oc-130">
         <name>.debug_info</name>
         <load_address>0xb3676</load_address>
         <run_address>0xb3676</run_address>
         <size>0x124c2</size>
         <input_file_ref idref="fl-d"/>
      </object_component>
      <object_component id="oc-135">
         <name>.debug_info</name>
         <load_address>0xc5b38</load_address>
         <run_address>0xc5b38</run_address>
         <size>0x114b</size>
         <input_file_ref idref="fl-e"/>
      </object_component>
      <object_component id="oc-13a">
         <name>.debug_info</name>
         <load_address>0xc6c83</load_address>
         <run_address>0xc6c83</run_address>
         <size>0xea04</size>
         <input_file_ref idref="fl-f"/>
      </object_component>
      <object_component id="oc-142">
         <name>.debug_info</name>
         <load_address>0xd5687</load_address>
         <run_address>0xd5687</run_address>
         <size>0xd187</size>
         <input_file_ref idref="fl-16"/>
      </object_component>
      <object_component id="oc-146">
         <name>.debug_info</name>
         <load_address>0xe280e</load_address>
         <run_address>0xe280e</run_address>
         <size>0xa35</size>
         <input_file_ref idref="fl-17"/>
      </object_component>
      <object_component id="oc-14a">
         <name>.debug_info</name>
         <load_address>0xe3243</load_address>
         <run_address>0xe3243</run_address>
         <size>0xd86f</size>
         <input_file_ref idref="fl-18"/>
      </object_component>
      <object_component id="oc-14e">
         <name>.debug_info</name>
         <load_address>0xf0ab2</load_address>
         <run_address>0xf0ab2</run_address>
         <size>0xd293</size>
         <input_file_ref idref="fl-19"/>
      </object_component>
      <object_component id="oc-152">
         <name>.debug_info</name>
         <load_address>0xfdd45</load_address>
         <run_address>0xfdd45</run_address>
         <size>0xd786</size>
         <input_file_ref idref="fl-1a"/>
      </object_component>
      <object_component id="oc-156">
         <name>.debug_info</name>
         <load_address>0x10b4cb</load_address>
         <run_address>0x10b4cb</run_address>
         <size>0xcfc7</size>
         <input_file_ref idref="fl-1b"/>
      </object_component>
      <object_component id="oc-15b">
         <name>.debug_info</name>
         <load_address>0x118492</load_address>
         <run_address>0x118492</run_address>
         <size>0xdaed</size>
         <input_file_ref idref="fl-1c"/>
      </object_component>
      <object_component id="oc-15f">
         <name>.debug_info</name>
         <load_address>0x125f7f</load_address>
         <run_address>0x125f7f</run_address>
         <size>0xd816</size>
         <input_file_ref idref="fl-1d"/>
      </object_component>
      <object_component id="oc-163">
         <name>.debug_info</name>
         <load_address>0x133795</load_address>
         <run_address>0x133795</run_address>
         <size>0xd124</size>
         <input_file_ref idref="fl-1e"/>
      </object_component>
      <object_component id="oc-169">
         <name>.debug_info</name>
         <load_address>0x1408b9</load_address>
         <run_address>0x1408b9</run_address>
         <size>0x173</size>
         <input_file_ref idref="fl-2a"/>
      </object_component>
      <object_component id="oc-16d">
         <name>.debug_info</name>
         <load_address>0x140a2c</load_address>
         <run_address>0x140a2c</run_address>
         <size>0x561</size>
         <input_file_ref idref="fl-2b"/>
      </object_component>
      <object_component id="oc-172">
         <name>.debug_info</name>
         <load_address>0x140f8d</load_address>
         <run_address>0x140f8d</run_address>
         <size>0x43a</size>
         <input_file_ref idref="fl-2c"/>
      </object_component>
      <object_component id="oc-177">
         <name>.debug_info</name>
         <load_address>0x1413c7</load_address>
         <run_address>0x1413c7</run_address>
         <size>0x3ad</size>
         <input_file_ref idref="fl-2d"/>
      </object_component>
      <object_component id="oc-17c">
         <name>.debug_info</name>
         <load_address>0x141774</load_address>
         <run_address>0x141774</run_address>
         <size>0x3aa</size>
         <input_file_ref idref="fl-2e"/>
      </object_component>
      <object_component id="oc-181">
         <name>.debug_info</name>
         <load_address>0x141b1e</load_address>
         <run_address>0x141b1e</run_address>
         <size>0x544</size>
         <input_file_ref idref="fl-2f"/>
      </object_component>
      <object_component id="oc-188">
         <name>.debug_info</name>
         <load_address>0x142062</load_address>
         <run_address>0x142062</run_address>
         <size>0x4cc</size>
         <input_file_ref idref="fl-30"/>
      </object_component>
      <object_component id="oc-18d">
         <name>.debug_info</name>
         <load_address>0x14252e</load_address>
         <run_address>0x14252e</run_address>
         <size>0x467</size>
         <input_file_ref idref="fl-31"/>
      </object_component>
      <object_component id="oc-255">
         <name>.debug_info</name>
         <load_address>0x142995</load_address>
         <run_address>0x142995</run_address>
         <size>0xac</size>
      </object_component>
      <object_component id="oc-92">
         <name>.debug_abbrev</name>
         <load_address>0x0</load_address>
         <run_address>0x0</run_address>
         <size>0x21</size>
         <input_file_ref idref="fl-2"/>
      </object_component>
      <object_component id="oc-98">
         <name>.debug_abbrev</name>
         <load_address>0x21</load_address>
         <run_address>0x21</run_address>
         <size>0xfd</size>
         <input_file_ref idref="fl-3"/>
      </object_component>
      <object_component id="oc-9e">
         <name>.debug_abbrev</name>
         <load_address>0x11e</load_address>
         <run_address>0x11e</run_address>
         <size>0xb6</size>
         <input_file_ref idref="fl-4"/>
      </object_component>
      <object_component id="oc-10c">
         <name>.debug_abbrev</name>
         <load_address>0x1d4</load_address>
         <run_address>0x1d4</run_address>
         <size>0xcb</size>
         <input_file_ref idref="fl-5"/>
      </object_component>
      <object_component id="oc-110">
         <name>.debug_abbrev</name>
         <load_address>0x29f</load_address>
         <run_address>0x29f</run_address>
         <size>0x191</size>
         <input_file_ref idref="fl-6"/>
      </object_component>
      <object_component id="oc-115">
         <name>.debug_abbrev</name>
         <load_address>0x430</load_address>
         <run_address>0x430</run_address>
         <size>0xc8</size>
         <input_file_ref idref="fl-7"/>
      </object_component>
      <object_component id="oc-11a">
         <name>.debug_abbrev</name>
         <load_address>0x4f8</load_address>
         <run_address>0x4f8</run_address>
         <size>0x116</size>
         <input_file_ref idref="fl-8"/>
      </object_component>
      <object_component id="oc-11f">
         <name>.debug_abbrev</name>
         <load_address>0x60e</load_address>
         <run_address>0x60e</run_address>
         <size>0x1b5</size>
         <input_file_ref idref="fl-9"/>
      </object_component>
      <object_component id="oc-124">
         <name>.debug_abbrev</name>
         <load_address>0x7c3</load_address>
         <run_address>0x7c3</run_address>
         <size>0x2f</size>
         <input_file_ref idref="fl-a"/>
      </object_component>
      <object_component id="oc-129">
         <name>.debug_abbrev</name>
         <load_address>0x7f2</load_address>
         <run_address>0x7f2</run_address>
         <size>0x114</size>
         <input_file_ref idref="fl-b"/>
      </object_component>
      <object_component id="oc-12e">
         <name>.debug_abbrev</name>
         <load_address>0x906</load_address>
         <run_address>0x906</run_address>
         <size>0x197</size>
         <input_file_ref idref="fl-c"/>
      </object_component>
      <object_component id="oc-133">
         <name>.debug_abbrev</name>
         <load_address>0xa9d</load_address>
         <run_address>0xa9d</run_address>
         <size>0xe7</size>
         <input_file_ref idref="fl-d"/>
      </object_component>
      <object_component id="oc-138">
         <name>.debug_abbrev</name>
         <load_address>0xb84</load_address>
         <run_address>0xb84</run_address>
         <size>0x111</size>
         <input_file_ref idref="fl-e"/>
      </object_component>
      <object_component id="oc-140">
         <name>.debug_abbrev</name>
         <load_address>0xc95</load_address>
         <run_address>0xc95</run_address>
         <size>0x18a</size>
         <input_file_ref idref="fl-f"/>
      </object_component>
      <object_component id="oc-145">
         <name>.debug_abbrev</name>
         <load_address>0xe1f</load_address>
         <run_address>0xe1f</run_address>
         <size>0x140</size>
         <input_file_ref idref="fl-16"/>
      </object_component>
      <object_component id="oc-149">
         <name>.debug_abbrev</name>
         <load_address>0xf5f</load_address>
         <run_address>0xf5f</run_address>
         <size>0xf3</size>
         <input_file_ref idref="fl-17"/>
      </object_component>
      <object_component id="oc-14d">
         <name>.debug_abbrev</name>
         <load_address>0x1052</load_address>
         <run_address>0x1052</run_address>
         <size>0x1cc</size>
         <input_file_ref idref="fl-18"/>
      </object_component>
      <object_component id="oc-151">
         <name>.debug_abbrev</name>
         <load_address>0x121e</load_address>
         <run_address>0x121e</run_address>
         <size>0x14e</size>
         <input_file_ref idref="fl-19"/>
      </object_component>
      <object_component id="oc-155">
         <name>.debug_abbrev</name>
         <load_address>0x136c</load_address>
         <run_address>0x136c</run_address>
         <size>0x140</size>
         <input_file_ref idref="fl-1a"/>
      </object_component>
      <object_component id="oc-15a">
         <name>.debug_abbrev</name>
         <load_address>0x14ac</load_address>
         <run_address>0x14ac</run_address>
         <size>0x11b</size>
         <input_file_ref idref="fl-1b"/>
      </object_component>
      <object_component id="oc-15e">
         <name>.debug_abbrev</name>
         <load_address>0x15c7</load_address>
         <run_address>0x15c7</run_address>
         <size>0x19c</size>
         <input_file_ref idref="fl-1c"/>
      </object_component>
      <object_component id="oc-162">
         <name>.debug_abbrev</name>
         <load_address>0x1763</load_address>
         <run_address>0x1763</run_address>
         <size>0x167</size>
         <input_file_ref idref="fl-1d"/>
      </object_component>
      <object_component id="oc-166">
         <name>.debug_abbrev</name>
         <load_address>0x18ca</load_address>
         <run_address>0x18ca</run_address>
         <size>0x11b</size>
         <input_file_ref idref="fl-1e"/>
      </object_component>
      <object_component id="oc-16b">
         <name>.debug_abbrev</name>
         <load_address>0x19e5</load_address>
         <run_address>0x19e5</run_address>
         <size>0x46</size>
         <input_file_ref idref="fl-2a"/>
      </object_component>
      <object_component id="oc-170">
         <name>.debug_abbrev</name>
         <load_address>0x1a2b</load_address>
         <run_address>0x1a2b</run_address>
         <size>0xe3</size>
         <input_file_ref idref="fl-2b"/>
      </object_component>
      <object_component id="oc-175">
         <name>.debug_abbrev</name>
         <load_address>0x1b0e</load_address>
         <run_address>0x1b0e</run_address>
         <size>0xa8</size>
         <input_file_ref idref="fl-2c"/>
      </object_component>
      <object_component id="oc-17a">
         <name>.debug_abbrev</name>
         <load_address>0x1bb6</load_address>
         <run_address>0x1bb6</run_address>
         <size>0x68</size>
         <input_file_ref idref="fl-2d"/>
      </object_component>
      <object_component id="oc-17f">
         <name>.debug_abbrev</name>
         <load_address>0x1c1e</load_address>
         <run_address>0x1c1e</run_address>
         <size>0x66</size>
         <input_file_ref idref="fl-2e"/>
      </object_component>
      <object_component id="oc-186">
         <name>.debug_abbrev</name>
         <load_address>0x1c84</load_address>
         <run_address>0x1c84</run_address>
         <size>0x130</size>
         <input_file_ref idref="fl-2f"/>
      </object_component>
      <object_component id="oc-18b">
         <name>.debug_abbrev</name>
         <load_address>0x1db4</load_address>
         <run_address>0x1db4</run_address>
         <size>0xb2</size>
         <input_file_ref idref="fl-30"/>
      </object_component>
      <object_component id="oc-190">
         <name>.debug_abbrev</name>
         <load_address>0x1e66</load_address>
         <run_address>0x1e66</run_address>
         <size>0xee</size>
         <input_file_ref idref="fl-31"/>
      </object_component>
      <object_component id="oc-256">
         <name>.debug_abbrev</name>
         <load_address>0x1f54</load_address>
         <run_address>0x1f54</run_address>
         <size>0xf</size>
      </object_component>
      <object_component id="oc-93">
         <name>.debug_aranges</name>
         <load_address>0x0</load_address>
         <run_address>0x0</run_address>
         <size>0x28</size>
         <input_file_ref idref="fl-2"/>
      </object_component>
      <object_component id="oc-99">
         <name>.debug_aranges</name>
         <load_address>0x28</load_address>
         <run_address>0x28</run_address>
         <size>0x28</size>
         <input_file_ref idref="fl-3"/>
      </object_component>
      <object_component id="oc-9f">
         <name>.debug_aranges</name>
         <load_address>0x50</load_address>
         <run_address>0x50</run_address>
         <size>0x480</size>
         <input_file_ref idref="fl-4"/>
      </object_component>
      <object_component id="oc-111">
         <name>.debug_aranges</name>
         <load_address>0x4d0</load_address>
         <run_address>0x4d0</run_address>
         <size>0x88</size>
         <input_file_ref idref="fl-6"/>
      </object_component>
      <object_component id="oc-116">
         <name>.debug_aranges</name>
         <load_address>0x558</load_address>
         <run_address>0x558</run_address>
         <size>0x28</size>
         <input_file_ref idref="fl-7"/>
      </object_component>
      <object_component id="oc-11b">
         <name>.debug_aranges</name>
         <load_address>0x580</load_address>
         <run_address>0x580</run_address>
         <size>0x20</size>
         <input_file_ref idref="fl-8"/>
      </object_component>
      <object_component id="oc-120">
         <name>.debug_aranges</name>
         <load_address>0x5a0</load_address>
         <run_address>0x5a0</run_address>
         <size>0xd0</size>
         <input_file_ref idref="fl-9"/>
      </object_component>
      <object_component id="oc-125">
         <name>.debug_aranges</name>
         <load_address>0x670</load_address>
         <run_address>0x670</run_address>
         <size>0x20</size>
         <input_file_ref idref="fl-a"/>
      </object_component>
      <object_component id="oc-12a">
         <name>.debug_aranges</name>
         <load_address>0x690</load_address>
         <run_address>0x690</run_address>
         <size>0x30</size>
         <input_file_ref idref="fl-b"/>
      </object_component>
      <object_component id="oc-12f">
         <name>.debug_aranges</name>
         <load_address>0x6c0</load_address>
         <run_address>0x6c0</run_address>
         <size>0x40</size>
         <input_file_ref idref="fl-c"/>
      </object_component>
      <object_component id="oc-134">
         <name>.debug_aranges</name>
         <load_address>0x700</load_address>
         <run_address>0x700</run_address>
         <size>0x28</size>
         <input_file_ref idref="fl-d"/>
      </object_component>
      <object_component id="oc-139">
         <name>.debug_aranges</name>
         <load_address>0x728</load_address>
         <run_address>0x728</run_address>
         <size>0x28</size>
         <input_file_ref idref="fl-e"/>
      </object_component>
      <object_component id="oc-141">
         <name>.debug_aranges</name>
         <load_address>0x750</load_address>
         <run_address>0x750</run_address>
         <size>0x30</size>
         <input_file_ref idref="fl-f"/>
      </object_component>
      <object_component id="oc-16c">
         <name>.debug_aranges</name>
         <load_address>0x780</load_address>
         <run_address>0x780</run_address>
         <size>0x20</size>
         <input_file_ref idref="fl-2a"/>
      </object_component>
      <object_component id="oc-171">
         <name>.debug_aranges</name>
         <load_address>0x7a0</load_address>
         <run_address>0x7a0</run_address>
         <size>0x20</size>
         <input_file_ref idref="fl-2b"/>
      </object_component>
      <object_component id="oc-176">
         <name>.debug_aranges</name>
         <load_address>0x7c0</load_address>
         <run_address>0x7c0</run_address>
         <size>0x20</size>
         <input_file_ref idref="fl-2c"/>
      </object_component>
      <object_component id="oc-17b">
         <name>.debug_aranges</name>
         <load_address>0x7e0</load_address>
         <run_address>0x7e0</run_address>
         <size>0x20</size>
         <input_file_ref idref="fl-2d"/>
      </object_component>
      <object_component id="oc-180">
         <name>.debug_aranges</name>
         <load_address>0x800</load_address>
         <run_address>0x800</run_address>
         <size>0x20</size>
         <input_file_ref idref="fl-2e"/>
      </object_component>
      <object_component id="oc-187">
         <name>.debug_aranges</name>
         <load_address>0x820</load_address>
         <run_address>0x820</run_address>
         <size>0x28</size>
         <input_file_ref idref="fl-2f"/>
      </object_component>
      <object_component id="oc-18c">
         <name>.debug_aranges</name>
         <load_address>0x848</load_address>
         <run_address>0x848</run_address>
         <size>0x30</size>
         <input_file_ref idref="fl-30"/>
      </object_component>
      <object_component id="oc-191">
         <name>.debug_aranges</name>
         <load_address>0x878</load_address>
         <run_address>0x878</run_address>
         <size>0x20</size>
         <input_file_ref idref="fl-31"/>
      </object_component>
      <object_component id="oc-96">
         <name>.debug_frame</name>
         <load_address>0x0</load_address>
         <run_address>0x0</run_address>
         <size>0x5c</size>
         <input_file_ref idref="fl-3"/>
      </object_component>
      <object_component id="oc-9c">
         <name>.debug_frame</name>
[...]
      </symbol>
      <symbol id="sm-430">
         <name>_EPwm1Regs</name>
         <value>0x4000</value>
         <object_component_ref idref="oc-f6"/>
      </symbol>
      <symbol id="sm-431">
         <name>_Clb3LogicCtrlRegs</name>
         <value>0x3900</value>
         <object_component_ref idref="oc-e7"/>
      </symbol>
      <symbol id="sm-432">
         <name>_AdcbRegs</name>
         <value>0x7480</value>
         <object_component_ref idref="oc-f1"/>
      </symbol>
      <symbol id="sm-433">
         <name>_ScibRegs</name>
         <value>0x7210</value>
         <object_component_ref idref="oc-b2"/>
      </symbol>
      <symbol id="sm-434">
         <name>_AdcaResultRegs</name>
         <value>0xb00</value>
         <object_component_ref idref="oc-b8"/>
      </symbol>
      <symbol id="sm-435">
         <name>_ECap2Regs</name>
         <value>0x5020</value>
         <object_component_ref idref="oc-be"/>
      </symbol>
      <symbol id="sm-436">
         <name>_EPwm12Regs</name>
         <value>0x4b00</value>
         <object_component_ref idref="oc-101"/>
      </symbol>
      <symbol id="sm-437">
         <name>_AdcbResultRegs</name>
         <value>0xb20</value>
         <object_component_ref idref="oc-b9"/>
      </symbol>
      <symbol id="sm-438">
         <name>_Clb1LogicCfgRegs</name>
         <value>0x3000</value>
         <object_component_ref idref="oc-e1"/>
      </symbol>
      <symbol id="sm-439">
         <name>_AdccResultRegs</name>
         <value>0xb40</value>
         <object_component_ref idref="oc-ba"/>
      </symbol>
      <symbol id="sm-43a">
         <name>_Emif1ConfigRegs</name>
         <value>0x5f480</value>
         <object_component_ref idref="oc-ad"/>
      </symbol>
      <symbol id="sm-43b">
         <name>_Sdfm2Regs</name>
         <value>0x5e80</value>
         <object_component_ref idref="oc-ed"/>
      </symbol>
      <symbol id="sm-43c">
         <name>_AdcdResultRegs</name>
         <value>0xb60</value>
         <object_component_ref idref="oc-bb"/>
      </symbol>
      <symbol id="sm-43d">
         <name>_EQep2Regs</name>
         <value>0x5140</value>
         <object_component_ref idref="oc-d0"/>
      </symbol>
      <symbol id="sm-43e">
         <name>_Cmpss1Regs</name>
         <value>0x5c80</value>
         <object_component_ref idref="oc-c4"/>
      </symbol>
      <symbol id="sm-43f">
         <name>_EPwm8Regs</name>
         <value>0x4700</value>
         <object_component_ref idref="oc-fd"/>
      </symbol>
      <symbol id="sm-440">
         <name>_Emif2ConfigRegs</name>
         <value>0x5f4a0</value>
         <object_component_ref idref="oc-ae"/>
      </symbol>
      <symbol id="sm-441">
         <name>_DcsmCommonRegs</name>
         <value>0x5f070</value>
         <object_component_ref idref="oc-a4"/>
      </symbol>
      <symbol id="sm-442">
         <name>_EPwm2Regs</name>
         <value>0x4100</value>
         <object_component_ref idref="oc-f7"/>
      </symbol>
      <symbol id="sm-443">
         <name>_ECap3Regs</name>
         <value>0x5040</value>
         <object_component_ref idref="oc-bf"/>
      </symbol>
      <symbol id="sm-444">
         <name>_Cmpss8Regs</name>
         <value>0x5d60</value>
         <object_component_ref idref="oc-cb"/>
      </symbol>
      <symbol id="sm-445">
         <name>_EQep3Regs</name>
         <value>0x5180</value>
         <object_component_ref idref="oc-d1"/>
      </symbol>
      <symbol id="sm-446">
         <name>_SyncSocRegs</name>
         <value>0x7940</value>
         <object_component_ref idref="oc-a5"/>
      </symbol>
      <symbol id="sm-447">
         <name>_EPwm9Regs</name>
         <value>0x4800</value>
         <object_component_ref idref="oc-fe"/>
      </symbol>
      <symbol id="sm-448">
         <name>_NmiIntruptRegs</name>
         <value>0x7060</value>
         <object_component_ref idref="oc-a9"/>
      </symbol>
      <symbol id="sm-449">
         <name>_EPwm3Regs</name>
         <value>0x4200</value>
         <object_component_ref idref="oc-f8"/>
      </symbol>
      <symbol id="sm-44a">
         <name>_I2caRegs</name>
         <value>0x7300</value>
         <object_component_ref idref="oc-d2"/>
      </symbol>
      <symbol id="sm-46c">
         <name>_GPIO_SetupLock</name>
         <value>0x82bc8</value>
         <object_component_ref idref="oc-1a5"/>
      </symbol>
      <symbol id="sm-46e">
         <name>_GPIO_SetupXINT4Gpio</name>
         <value>0x82c0f</value>
         <object_component_ref idref="oc-1a5"/>
      </symbol>
      <symbol id="sm-470">
         <name>_InitGpio</name>
         <value>0x82a68</value>
         <object_component_ref idref="oc-1a5"/>
      </symbol>
      <symbol id="sm-472">
         <name>_GPIO_SetupXINT5Gpio</name>
         <value>0x82c19</value>
         <object_component_ref idref="oc-1a5"/>
      </symbol>
      <symbol id="sm-474">
         <name>_GPIO_EnableUnbondedIOPullupsFor176Pin</name>
         <value>0x82c23</value>
         <object_component_ref idref="oc-1a5"/>
      </symbol>
      <symbol id="sm-476">
         <name>_GPIO_SetupXINT2Gpio</name>
         <value>0x82bfb</value>
         <object_component_ref idref="oc-1a5"/>
      </symbol>
      <symbol id="sm-478">
         <name>_GPIO_SetupXINT3Gpio</name>
         <value>0x82c05</value>
         <object_component_ref idref="oc-1a5"/>
      </symbol>
      <symbol id="sm-47a">
         <name>_GPIO_WritePin</name>
         <value>0x82c8e</value>
         <object_component_ref idref="oc-1a5"/>
      </symbol>
      <symbol id="sm-47c">
         <name>_GPIO_SetupPinOptions</name>
         <value>0x82b34</value>
         <object_component_ref idref="oc-1a5"/>
      </symbol>
      <symbol id="sm-47e">
         <name>_GPIO_EnableUnbondedIOPullups</name>
         <value>0x82c61</value>
         <object_component_ref idref="oc-1a5"/>
      </symbol>
      <symbol id="sm-480">
         <name>_GPIO_SetupXINT1Gpio</name>
         <value>0x82bf1</value>
         <object_component_ref idref="oc-1a5"/>
      </symbol>
      <symbol id="sm-482">
         <name>_GPIO_SetupPinMux</name>
         <value>0x82aa8</value>
         <object_component_ref idref="oc-1a5"/>
      </symbol>
      <symbol id="sm-484">
         <name>_GPIO_EnableUnbondedIOPullupsFor100Pin</name>
         <value>0x82c3c</value>
         <object_component_ref idref="oc-1a5"/>
      </symbol>
      <symbol id="sm-486">
         <name>_GPIO_ReadPin</name>
         <value>0x82c77</value>
         <object_component_ref idref="oc-1a5"/>
      </symbol>
      <symbol id="sm-493">
         <name>_InitPieCtrl</name>
         <value>0x82f49</value>
         <object_component_ref idref="oc-19c"/>
      </symbol>
      <symbol id="sm-495">
         <name>_EnableInterrupts</name>
         <value>0x82f68</value>
         <object_component_ref idref="oc-19c"/>
      </symbol>
      <symbol id="sm-4a6">
         <name>_PieVectTableInit</name>
         <value>0x90000</value>
         <object_component_ref idref="oc-1a6"/>
      </symbol>
      <symbol id="sm-4a7">
         <name>_InitPieVectTable</name>
         <value>0x82f71</value>
         <object_component_ref idref="oc-19d"/>
      </symbol>
      <symbol id="sm-4ed">
         <name>_InitSysPll</name>
         <value>0x826af</value>
         <object_component_ref idref="oc-19b"/>
      </symbol>
      <symbol id="sm-4ef">
         <name>_SeizeFlashPump</name>
         <value>0x8267a</value>
         <object_component_ref idref="oc-19b"/>
      </symbol>
      <symbol id="sm-4f1">
         <name>_DisablePeripheralClocks</name>
         <value>0x82662</value>
         <object_component_ref idref="oc-19b"/>
      </symbol>
      <symbol id="sm-4f3">
         <name>_FlashOff</name>
         <value>0x8118</value>
         <object_component_ref idref="oc-1a4"/>
      </symbol>
      <symbol id="sm-4f5">
         <name>_DisableDog</name>
         <value>0x826a1</value>
         <object_component_ref idref="oc-19b"/>
      </symbol>
      <symbol id="sm-4f7">
         <name>_SysIntOsc2Sel</name>
         <value>0x829bd</value>
         <object_component_ref idref="oc-19b"/>
      </symbol>
      <symbol id="sm-4f9">
         <name>_ReleaseFlashPump</name>
         <value>0x82689</value>
         <object_component_ref idref="oc-19b"/>
      </symbol>
      <symbol id="sm-4fb">
         <name>_HALT</name>
         <value>0x82a15</value>
         <object_component_ref idref="oc-19b"/>
      </symbol>
      <symbol id="sm-4fd">
         <name>_IDLE</name>
         <value>0x82a01</value>
         <object_component_ref idref="oc-19b"/>
      </symbol>
      <symbol id="sm-4ff">
         <name>_InitPeripheralClocks</name>
         <value>0x825de</value>
         <object_component_ref idref="oc-19b"/>
      </symbol>
      <symbol id="sm-501">
         <name>_InitFlash</name>
         <value>0x80ef</value>
         <object_component_ref idref="oc-1a4"/>
      </symbol>
      <symbol id="sm-503">
         <name>_SysXtalOscSel</name>
         <value>0x829d1</value>
         <object_component_ref idref="oc-19b"/>
      </symbol>
      <symbol id="sm-505">
         <name>_ConfigureTMXAnalogTrim</name>
         <value>0x82a4b</value>
         <object_component_ref idref="oc-19b"/>
      </symbol>
      <symbol id="sm-507">
         <name>_CsmUnlock</name>
         <value>0x8298c</value>
         <object_component_ref idref="oc-19b"/>
      </symbol>
      <symbol id="sm-509">
         <name>_SysIntOsc1Sel</name>
         <value>0x829ad</value>
         <object_component_ref idref="oc-19b"/>
      </symbol>
      <symbol id="sm-50b">
         <name>_ServiceDog</name>
         <value>0x82693</value>
         <object_component_ref idref="oc-19b"/>
      </symbol>
      <symbol id="sm-50d">
         <name>_HIB</name>
         <value>0x82a2e</value>
         <object_component_ref idref="oc-19b"/>
      </symbol>
      <symbol id="sm-50f">
         <name>_AuxAuxClkSel</name>
         <value>0x829f7</value>
         <object_component_ref idref="oc-19b"/>
      </symbol>
      <symbol id="sm-511">
         <name>_AuxIntOsc2Sel</name>
         <value>0x829e1</value>
         <object_component_ref idref="oc-19b"/>
      </symbol>
      <symbol id="sm-513">
         <name>_InitAuxPll</name>
         <value>0x8289d</value>
         <object_component_ref idref="oc-19b"/>
      </symbol>
      <symbol id="sm-515">
         <name>_InitSysCtrl</name>
         <value>0x825b5</value>
         <object_component_ref idref="oc-19b"/>
      </symbol>
      <symbol id="sm-517">
         <name>_STANDBY</name>
         <value>0x82a0a</value>
         <object_component_ref idref="oc-19b"/>
      </symbol>
      <symbol id="sm-519">
         <name>_AuxXtalOscSel</name>
         <value>0x829eb</value>
         <object_component_ref idref="oc-19b"/>
      </symbol>
      <symbol id="sm-526">
         <name>_F28x_usDelay</name>
         <value>0x8126</value>
         <object_component_ref idref="oc-121"/>
      </symbol>
      <symbol id="sm-532">
         <name>_Fapi_serviceWatchdogTimer</name>
         <value>0x8000</value>
         <object_component_ref idref="oc-1bc"/>
      </symbol>
      <symbol id="sm-534">
         <name>_Fapi_setupEepromSectorEnable</name>
         <value>0x8002</value>
         <object_component_ref idref="oc-1bc"/>
      </symbol>
      <symbol id="sm-536">
         <name>_Fapi_setupBankSectorEnable</name>
         <value>0x8079</value>
         <object_component_ref idref="oc-1bc"/>
      </symbol>
      <symbol id="sm-57f">
         <name>_Flash_Set_APIError</name>
         <value>0xb948</value>
         <object_component_ref idref="oc-1a1"/>
      </symbol>
      <symbol id="sm-581">
         <name>_FW_Copy_Data</name>
         <value>0xb71e</value>
         <object_component_ref idref="oc-1a1"/>
      </symbol>
      <symbol id="sm-583">
         <name>_Flash_Find_Sector</name>
         <value>0xb7ff</value>
         <object_component_ref idref="oc-1a1"/>
      </symbol>
      <symbol id="sm-585">
         <name>_FW_Update</name>
         <value>0xb6ea</value>
         <object_component_ref idref="oc-1a1"/>
      </symbol>
      <symbol id="sm-587">
         <name>_Flash_Get_SCI_Data</name>
         <value>0xb972</value>
         <object_component_ref idref="oc-1a1"/>
      </symbol>
      <symbol id="sm-594">
         <name>_Setup_GPIO</name>
         <value>0x82e6b</value>
         <object_component_ref idref="oc-19e"/>
      </symbol>
      <symbol id="sm-596">
         <name>_Setup_SCI_A</name>
         <value>0x82ea6</value>
         <object_component_ref idref="oc-19e"/>
      </symbol>
      <symbol id="sm-5a5">
         <name>_SCI_Config</name>
         <value>0x82e07</value>
         <object_component_ref idref="oc-19f"/>
      </symbol>
      <symbol id="sm-5a7">
         <name>_SCI_Send</name>
         <value>0x82e50</value>
         <object_component_ref idref="oc-19f"/>
      </symbol>
      <symbol id="sm-5c4">
         <name>_main</name>
         <value>0x82cac</value>
         <object_component_ref idref="oc-198"/>
      </symbol>
      <symbol id="sm-5c6">
         <name>_isr_scia_rx</name>
         <value>0x80bd</value>
         <object_component_ref idref="oc-13d"/>
      </symbol>
      <symbol id="sm-5c8">
         <name>_SCI</name>
         <value>0xa802</value>
         <object_component_ref idref="oc-13c"/>
      </symbol>
      <symbol id="sm-5c9">
         <name>_counter</name>
         <value>0xa800</value>
         <object_component_ref idref="oc-13c"/>
      </symbol>
      <symbol id="sm-5ca">
         <name>_isr_cpu_timer0</name>
         <value>0x80a8</value>
         <object_component_ref idref="oc-13d"/>
      </symbol>
      <symbol id="sm-5d8">
         <name>_Fapi_issueAsyncCommandWithAddress</name>
         <value>0xb663</value>
         <object_component_ref idref="oc-1aa"/>
      </symbol>
      <symbol id="sm-5e3">
         <name>_Fapi_doVerify</name>
         <value>0xb6b3</value>
         <object_component_ref idref="oc-1af"/>
      </symbol>
      <symbol id="sm-604">
         <name>__Fapi_checkRegionForValue</name>
         <value>0xb47e</value>
         <object_component_ref idref="oc-1b8"/>
      </symbol>
      <symbol id="sm-605">
         <name>_Fapi_flushPipeline</name>
         <value>0xb69d</value>
         <object_component_ref idref="oc-1b6"/>
      </symbol>
      <symbol id="sm-606">
         <name>__Fapi_loopRegionForValue</name>
         <value>0xb3f6</value>
         <object_component_ref idref="oc-1b7"/>
      </symbol>
      <symbol id="sm-612">
         <name>_Fapi_doBlankCheck</name>
         <value>0xb4fd</value>
         <object_component_ref idref="oc-1ac"/>
      </symbol>
      <symbol id="sm-630">
         <name>_Fapi_calculateFletcherChecksum</name>
         <value>0xb573</value>
         <object_component_ref idref="oc-1bf"/>
      </symbol>
      <symbol id="sm-631">
         <name>__Fapi_calculateOtpChecksum</name>
         <value>0xb6cf</value>
         <object_component_ref idref="oc-1ba"/>
      </symbol>
      <symbol id="sm-632">
         <name>_Fapi_waitDelay</name>
         <value>0xb683</value>
         <object_component_ref idref="oc-1bd"/>
      </symbol>
      <symbol id="sm-633">
         <name>__Fapi_divideUnsignedLong</name>
         <value>0xb5ce</value>
         <object_component_ref idref="oc-1b9"/>
      </symbol>
      <symbol id="sm-634">
         <name>__Fapi_scaleCycleValues</name>
         <value>0xb6c2</value>
         <object_component_ref idref="oc-1bb"/>
      </symbol>
      <symbol id="sm-641">
         <name>_Fapi_initializeAPI</name>
         <value>0xb53f</value>
         <object_component_ref idref="oc-1a8"/>
      </symbol>
      <symbol id="sm-642">
         <name>_Fapi_GlobalInit</name>
         <value>0xa84e</value>
         <object_component_ref idref="oc-157"/>
      </symbol>
      <symbol id="sm-664">
         <name>__Fapi_issueFsmCommand</name>
         <value>0xb5a1</value>
         <object_component_ref idref="oc-1b4"/>
      </symbol>
      <symbol id="sm-665">
         <name>_Fapi_setActiveFlashBank</name>
         <value>0xb5fa</value>
         <object_component_ref idref="oc-1a9"/>
      </symbol>
      <symbol id="sm-666">
         <name>__Fapi_setupSectorsForWrite</name>
         <value>0xb641</value>
         <object_component_ref idref="oc-1b5"/>
      </symbol>
      <symbol id="sm-667">
         <name>_Fapi_getFsmStatus</name>
         <value>0xb6e4</value>
         <object_component_ref idref="oc-1ad"/>
      </symbol>
      <symbol id="sm-68d">
         <name>_Fapi_issueProgrammingCommand</name>
         <value>0xb259</value>
         <object_component_ref idref="oc-1ae"/>
      </symbol>
      <symbol id="sm-6a1">
         <name>_Fapi_checkFsmForReady</name>
         <value>0xb6da</value>
         <object_component_ref idref="oc-1ab"/>
      </symbol>
      <symbol id="sm-6a2">
         <name>_Fapi_isAddressEcc</name>
         <value>0xb61f</value>
         <object_component_ref idref="oc-1be"/>
      </symbol>
      <symbol id="sm-6bd">
         <name>_c_int00</name>
         <value>0x82eca</value>
         <object_component_ref idref="oc-8d"/>
      </symbol>
      <symbol id="sm-6be">
         <name>__stack</name>
         <value>0x400</value>
         <object_component_ref idref="oc-167"/>
      </symbol>
      <symbol id="sm-6cd">
         <name>_copy_in</name>
         <value>0x82f97</value>
         <object_component_ref idref="oc-193"/>
      </symbol>
      <symbol id="sm-6df">
         <name>_memcpy</name>
         <value>0x82fbb</value>
         <object_component_ref idref="oc-197"/>
      </symbol>
      <symbol id="sm-6ec">
         <name>__system_pre_init</name>
         <value>0x82ffb</value>
         <object_component_ref idref="oc-192"/>
      </symbol>
      <symbol id="sm-6fa">
         <name>__system_post_cinit</name>
         <value>0x82ffd</value>
         <object_component_ref idref="oc-194"/>
      </symbol>
      <symbol id="sm-70f">
         <name>C$$EXIT</name>
         <value>0x82f20</value>
         <object_component_ref idref="oc-196"/>
      </symbol>
      <symbol id="sm-710">
         <name>_exit</name>
         <value>0x82f22</value>
         <object_component_ref idref="oc-196"/>
      </symbol>
      <symbol id="sm-712">
         <name>___TI_cleanup_ptr</name>
         <value>0xa85c</value>
         <object_component_ref idref="oc-183"/>
      </symbol>
      <symbol id="sm-713">
         <name>___TI_enable_exit_profile_output</name>
         <value>0xa85a</value>
         <object_component_ref idref="oc-183"/>
      </symbol>
      <symbol id="sm-714">
         <name>_abort</name>
         <value>0x82f20</value>
         <object_component_ref idref="oc-196"/>
      </symbol>
      <symbol id="sm-716">
         <name>___TI_dtors_ptr</name>
         <value>0xa85e</value>
         <object_component_ref idref="oc-183"/>
      </symbol>
      <symbol id="sm-72a">
         <name>__unlock</name>
         <value>0xa860</value>
         <object_component_ref idref="oc-1b2"/>
      </symbol>
      <symbol id="sm-72b">
         <name>__lock</name>
         <value>0xa83e</value>
         <object_component_ref idref="oc-199"/>
      </symbol>
      <symbol id="sm-72c">
         <name>__register_lock</name>
         <value>0x82fee</value>
         <object_component_ref idref="oc-1a2"/>
      </symbol>
      <symbol id="sm-72e">
         <name>__nop</name>
         <value>0x82ff2</value>
         <object_component_ref idref="oc-1a2"/>
      </symbol>
      <symbol id="sm-730">
         <name>__register_unlock</name>
         <value>0x82fea</value>
         <object_component_ref idref="oc-1a2"/>
      </symbol>
      <symbol id="sm-740">
         <name>__args_main</name>
         <value>0x82fd8</value>
         <object_component_ref idref="oc-195"/>
      </symbol>
   </symbol_table>
   <title>Link successful</title>
</link_info>
